(*parser.Wal2JsonMessage)({
  NextLSN: (string) (len=9) "0/177B588",
  Timestamp: (string) (len=29) "2020-03-01 12:03:30.781033+00",
  Change: ([]parser.Wal2JsonChange) (len=1) {
    (parser.Wal2JsonChange) {
      Kind: (string) (len=6) "delete",
      Schema: (string) (len=6) "public",
      Table: (string) (len=4) "user",
      ColumnNames: ([]string) <nil>,
      ColumnTypes: ([]string) <nil>,
      ColumnTypeOIDs: ([]float64) <nil>,
      ColumnValues: ([]interface {}) <nil>,
      OldKeys: (struct { KeyNames []string "json:\"keynames\""; KeyTypes []string "json:\"keytypes\""; KeyTypeOIDs []float64 "json:\"keytypeoids\""; KeyValues []interface {} "json:\"keyvalues\"" }) {
        KeyNames: ([]string) (len=4) {
          (string) (len=2) "id",
          (string) (len=4) "name",
          (string) (len=5) "email",
          (string) (len=3) "bio"
        },
        KeyTypes: ([]string) (len=4) {
          (string) (len=7) "integer",
          (string) (len=21) "character varying(32)",
          (string) (len=21) "character varying(32)",
          (string) (len=4) "text"
        },
        KeyTypeOIDs: ([]float64) (len=4) {
          (float64) 23,
          (float64) 1043,
          (float64) 1043,
          (float64) 25
        },
        KeyValues: ([]interface {}) (len=4) {
          (float64) 2,
          (string) (len=5) "bruno",
          (string) (len=24) "bruno@brunoscheufler.com",
          (string) (len=11) "hello world"
        }
      }
    }
  }
})
